#-----------------------------------------------------------
# Webtalk v2019.1 (64-bit)
# SW Build 2552052 on Fri May 24 14:49:42 MDT 2019
# IP Build 2548770 on Fri May 24 18:01:18 MDT 2019
# Start of session at: Tue Nov 19 16:40:20 2019
# Process ID: 9576
# Current directory: C:/Users/ramon/Documents/GITHUB/FPGA_BASED_RADAR_ACQUISITION_AND_PREPROCESSING_UNIT/FPGA_BASED_RADAR_ACQUISITION_AND_PREPROCESSING_UNIT.sim/sim_1/behav/xsim
# Command line: wbtcv.exe -mode batch -source C:/Users/ramon/Documents/GITHUB/FPGA_BASED_RADAR_ACQUISITION_AND_PREPROCESSING_UNIT/FPGA_BASED_RADAR_ACQUISITION_AND_PREPROCESSING_UNIT.sim/sim_1/behav/xsim/xsim.dir/main_behav/webtalk/xsim_webtalk.tcl -notrace
# Log file: C:/Users/ramon/Documents/GITHUB/FPGA_BASED_RADAR_ACQUISITION_AND_PREPROCESSING_UNIT/FPGA_BASED_RADAR_ACQUISITION_AND_PREPROCESSING_UNIT.sim/sim_1/behav/xsim/webtalk.log
# Journal file: C:/Users/ramon/Documents/GITHUB/FPGA_BASED_RADAR_ACQUISITION_AND_PREPROCESSING_UNIT/FPGA_BASED_RADAR_ACQUISITION_AND_PREPROCESSING_UNIT.sim/sim_1/behav/xsim\webtalk.jou
#-----------------------------------------------------------
source C:/Users/ramon/Documents/GITHUB/FPGA_BASED_RADAR_ACQUISITION_AND_PREPROCESSING_UNIT/FPGA_BASED_RADAR_ACQUISITION_AND_PREPROCESSING_UNIT.sim/sim_1/behav/xsim/xsim.dir/main_behav/webtalk/xsim_webtalk.tcl -notrace
